[info] welcome to sbt 2.0.10 (Ubuntu Java 21.0.12.1)
[info] loading project definition from /home/mini/scala-json-benchmark/project
[info] set current project to scala-json-benchmark (in build file:/home/mini/scala-json-benchmark/)
[info] running (fork) org.openjdk.jmh.Main -wi 5 -i 5 -w 2s -r 2s -f 2 -t 1 -prof gc -foe true -jvmArgs "-Xms2g -Xmx2g -XX:+UseG1GC" -rf json -rff results/booster-comparison/jmh.json benchmarks.*Benchmark.(Circe|CirceBooster|Jsoniter)Marshaller.*
# JMH version: 1.37
# VM version: JDK 21.0.12.1, OpenJDK 64-Bit Server VM, 21.0.12.1+1-1-24.04.4-Ubuntu
# VM invoker: /usr/lib/jvm/java-21-openjdk-amd64/bin/java
# VM options: -Xms2g -Xmx2g -XX:+UseG1GC
# Blackhole mode: compiler (auto-detected, use -Djmh.blackhole.autoDetect=false to disable)
# Warmup: 5 iterations, 2 s each
# Measurement: 5 iterations, 2 s each
# Timeout: 10 min per iteration
# Threads: 1 thread, will synchronize iterations
# Benchmark mode: Average time, time/op
# Benchmark: benchmarks.DeserializationBenchmark.CirceBoosterMarshaller_parse

# Run progress: 0.00% complete, ETA 00:04:00
# Fork: 1 of 2
# Warmup Iteration   1: 78.234 ms/op
# Warmup Iteration   2: 43.654 ms/op
# Warmup Iteration   3: 43.946 ms/op
# Warmup Iteration   4: 43.435 ms/op
# Warmup Iteration   5: 43.386 ms/op
Iteration   1: 43.270 ms/op
                 gc.alloc.rate:      4478.498 MB/sec
                 gc.alloc.rate.norm: 203229131.745 B/op
                 gc.count:           8.000 counts
                 gc.time:            25.000 ms

Iteration   2: 43.591 ms/op
                 gc.alloc.rate:      4445.726 MB/sec
                 gc.alloc.rate.norm: 203229134.261 B/op
                 gc.count:           7.000 counts
                 gc.time:            25.000 ms

Iteration   3: 43.322 ms/op
                 gc.alloc.rate:      4473.328 MB/sec
                 gc.alloc.rate.norm: 203229131.064 B/op
                 gc.count:           7.000 counts
                 gc.time:            20.000 ms

Iteration   4: 43.437 ms/op
                 gc.alloc.rate:      4461.347 MB/sec
                 gc.alloc.rate.norm: 203229131.064 B/op
                 gc.count:           8.000 counts
                 gc.time:            29.000 ms

Iteration   5: 43.382 ms/op
                 gc.alloc.rate:      4467.214 MB/sec
                 gc.alloc.rate.norm: 203229131.745 B/op
                 gc.count:           7.000 counts
                 gc.time:            23.000 ms


# Run progress: 8.33% complete, ETA 00:03:46
# Fork: 2 of 2
# Warmup Iteration   1: 80.373 ms/op
# Warmup Iteration   2: 42.965 ms/op
# Warmup Iteration   3: 43.170 ms/op
# Warmup Iteration   4: 42.958 ms/op
# Warmup Iteration   5: 42.919 ms/op
Iteration   1: 43.746 ms/op
                 gc.alloc.rate:      4313.337 MB/sec
                 gc.alloc.rate.norm: 197882414.957 B/op
                 gc.count:           8.000 counts
                 gc.time:            30.000 ms

Iteration   2: 42.676 ms/op
                 gc.alloc.rate:      4421.644 MB/sec
                 gc.alloc.rate.norm: 197882411.064 B/op
                 gc.count:           7.000 counts
                 gc.time:            20.000 ms

Iteration   3: 43.364 ms/op
                 gc.alloc.rate:      4351.393 MB/sec
                 gc.alloc.rate.norm: 197882411.064 B/op
                 gc.count:           7.000 counts
                 gc.time:            23.000 ms

Iteration   4: 42.879 ms/op
                 gc.alloc.rate:      4400.671 MB/sec
                 gc.alloc.rate.norm: 197882411.745 B/op
                 gc.count:           7.000 counts
                 gc.time:            22.000 ms

Iteration   5: 43.235 ms/op
                 gc.alloc.rate:      4364.390 MB/sec
                 gc.alloc.rate.norm: 197882411.064 B/op
                 gc.count:           8.000 counts
                 gc.time:            27.000 ms



Result "benchmarks.DeserializationBenchmark.CirceBoosterMarshaller_parse":
  43.290 ±(99.9%) 0.474 ms/op [Average]
  (min, avg, max) = (42.676, 43.290, 43.746), stdev = 0.313
  CI (99.9%): [42.816, 43.764] (assumes normal distribution)

Secondary result "benchmarks.DeserializationBenchmark.CirceBoosterMarshaller_parse:gc.alloc.rate":
  4417.755 ±(99.9%) 87.822 MB/sec [Average]
  (min, avg, max) = (4313.337, 4417.755, 4478.498), stdev = 58.089
  CI (99.9%): [4329.933, 4505.577] (assumes normal distribution)

Secondary result "benchmarks.DeserializationBenchmark.CirceBoosterMarshaller_parse:gc.alloc.rate.norm":
  200555771.977 ±(99.9%) 4260366.821 B/op [Average]
  (min, avg, max) = (197882411.064, 200555771.977, 203229134.261), stdev = 2817968.867
  CI (99.9%): [196295405.156, 204816138.798] (assumes normal distribution)

Secondary result "benchmarks.DeserializationBenchmark.CirceBoosterMarshaller_parse:gc.count":
  74.000 ±(99.9%) 0.001 counts [Sum]
  (min, avg, max) = (7.000, 7.400, 8.000), stdev = 0.516
  CI (99.9%): [74.000, 74.000] (assumes normal distribution)

Secondary result "benchmarks.DeserializationBenchmark.CirceBoosterMarshaller_parse:gc.time":
  244.000 ±(99.9%) 0.001 ms [Sum]
  (min, avg, max) = (20.000, 24.400, 30.000), stdev = 3.471
  CI (99.9%): [244.000, 244.000] (assumes normal distribution)


# JMH version: 1.37
# VM version: JDK 21.0.12.1, OpenJDK 64-Bit Server VM, 21.0.12.1+1-1-24.04.4-Ubuntu
# VM invoker: /usr/lib/jvm/java-21-openjdk-amd64/bin/java
# VM options: -Xms2g -Xmx2g -XX:+UseG1GC
# Blackhole mode: compiler (auto-detected, use -Djmh.blackhole.autoDetect=false to disable)
# Warmup: 5 iterations, 2 s each
# Measurement: 5 iterations, 2 s each
# Timeout: 10 min per iteration
# Threads: 1 thread, will synchronize iterations
# Benchmark mode: Average time, time/op
# Benchmark: benchmarks.DeserializationBenchmark.CirceMarshaller_parse

# Run progress: 16.67% complete, ETA 00:03:25
# Fork: 1 of 2
# Warmup Iteration   1: 119.373 ms/op
# Warmup Iteration   2: 67.252 ms/op
# Warmup Iteration   3: 67.115 ms/op
# Warmup Iteration   4: 66.840 ms/op
# Warmup Iteration   5: 67.200 ms/op
Iteration   1: 67.587 ms/op
                 gc.alloc.rate:      3411.485 MB/sec
                 gc.alloc.rate.norm: 241798870.400 B/op
                 gc.count:           6.000 counts
                 gc.time:            20.000 ms

Iteration   2: 67.144 ms/op
                 gc.alloc.rate:      3433.892 MB/sec
                 gc.alloc.rate.norm: 241798871.467 B/op
                 gc.count:           6.000 counts
                 gc.time:            18.000 ms

Iteration   3: 66.981 ms/op
                 gc.alloc.rate:      3442.398 MB/sec
                 gc.alloc.rate.norm: 241798870.400 B/op
                 gc.count:           5.000 counts
                 gc.time:            16.000 ms

Iteration   4: 66.923 ms/op
                 gc.alloc.rate:      3445.308 MB/sec
                 gc.alloc.rate.norm: 241798870.400 B/op
                 gc.count:           6.000 counts
                 gc.time:            20.000 ms

Iteration   5: 68.987 ms/op
                 gc.alloc.rate:      3342.170 MB/sec
                 gc.alloc.rate.norm: 241798878.345 B/op
                 gc.count:           6.000 counts
                 gc.time:            20.000 ms


# Run progress: 25.00% complete, ETA 00:03:04
# Fork: 2 of 2
# Warmup Iteration   1: 118.339 ms/op
# Warmup Iteration   2: 67.736 ms/op
# Warmup Iteration   3: 67.766 ms/op
# Warmup Iteration   4: 67.368 ms/op
# Warmup Iteration   5: 67.711 ms/op
Iteration   1: 67.570 ms/op
                 gc.alloc.rate:      3412.383 MB/sec
                 gc.alloc.rate.norm: 241798870.400 B/op
                 gc.count:           6.000 counts
                 gc.time:            21.000 ms

Iteration   2: 67.770 ms/op
                 gc.alloc.rate:      3402.272 MB/sec
                 gc.alloc.rate.norm: 241798870.400 B/op
                 gc.count:           6.000 counts
                 gc.time:            21.000 ms

Iteration   3: 67.407 ms/op
                 gc.alloc.rate:      3420.515 MB/sec
                 gc.alloc.rate.norm: 241798870.400 B/op
                 gc.count:           5.000 counts
                 gc.time:            15.000 ms

Iteration   4: 67.648 ms/op
                 gc.alloc.rate:      3408.455 MB/sec
                 gc.alloc.rate.norm: 241798870.400 B/op
                 gc.count:           6.000 counts
                 gc.time:            24.000 ms

Iteration   5: 67.521 ms/op
                 gc.alloc.rate:      3414.784 MB/sec
                 gc.alloc.rate.norm: 241798870.400 B/op
                 gc.count:           6.000 counts
                 gc.time:            17.000 ms



Result "benchmarks.DeserializationBenchmark.CirceMarshaller_parse":
  67.554 ±(99.9%) 0.877 ms/op [Average]
  (min, avg, max) = (66.923, 67.554, 68.987), stdev = 0.580
  CI (99.9%): [66.677, 68.431] (assumes normal distribution)

Secondary result "benchmarks.DeserializationBenchmark.CirceMarshaller_parse:gc.alloc.rate":
  3413.366 ±(99.9%) 43.813 MB/sec [Average]
  (min, avg, max) = (3342.170, 3413.366, 3445.308), stdev = 28.979
  CI (99.9%): [3369.553, 3457.179] (assumes normal distribution)

Secondary result "benchmarks.DeserializationBenchmark.CirceMarshaller_parse:gc.alloc.rate.norm":
  241798871.301 ±(99.9%) 3.776 B/op [Average]
  (min, avg, max) = (241798870.400, 241798871.301, 241798878.345), stdev = 2.497
  CI (99.9%): [241798867.525, 241798875.077] (assumes normal distribution)

Secondary result "benchmarks.DeserializationBenchmark.CirceMarshaller_parse:gc.count":
  58.000 ±(99.9%) 0.001 counts [Sum]
  (min, avg, max) = (5.000, 5.800, 6.000), stdev = 0.422
  CI (99.9%): [58.000, 58.000] (assumes normal distribution)

Secondary result "benchmarks.DeserializationBenchmark.CirceMarshaller_parse:gc.time":
  192.000 ±(99.9%) 0.001 ms [Sum]
  (min, avg, max) = (15.000, 19.200, 24.000), stdev = 2.700
  CI (99.9%): [192.000, 192.000] (assumes normal distribution)


# JMH version: 1.37
# VM version: JDK 21.0.12.1, OpenJDK 64-Bit Server VM, 21.0.12.1+1-1-24.04.4-Ubuntu
# VM invoker: /usr/lib/jvm/java-21-openjdk-amd64/bin/java
# VM options: -Xms2g -Xmx2g -XX:+UseG1GC
# Blackhole mode: compiler (auto-detected, use -Djmh.blackhole.autoDetect=false to disable)
# Warmup: 5 iterations, 2 s each
# Measurement: 5 iterations, 2 s each
# Timeout: 10 min per iteration
# Threads: 1 thread, will synchronize iterations
# Benchmark mode: Average time, time/op
# Benchmark: benchmarks.DeserializationBenchmark.JsoniterMarshaller_parse

# Run progress: 33.33% complete, ETA 00:02:43
# Fork: 1 of 2
# Warmup Iteration   1: 27.082 ms/op
# Warmup Iteration   2: 13.899 ms/op
# Warmup Iteration   3: 13.461 ms/op
# Warmup Iteration   4: 13.490 ms/op
# Warmup Iteration   5: 13.953 ms/op
Iteration   1: 13.631 ms/op
                 gc.alloc.rate:      2195.961 MB/sec
                 gc.alloc.rate.norm: 31391255.020 B/op
                 gc.count:           3.000 counts
                 gc.time:            7.000 ms

Iteration   2: 14.002 ms/op
                 gc.alloc.rate:      2137.835 MB/sec
                 gc.alloc.rate.norm: 31391256.336 B/op
                 gc.count:           4.000 counts
                 gc.time:            10.000 ms

Iteration   3: 13.522 ms/op
                 gc.alloc.rate:      2213.595 MB/sec
                 gc.alloc.rate.norm: 31391254.703 B/op
                 gc.count:           3.000 counts
                 gc.time:            9.000 ms

Iteration   4: 13.436 ms/op
                 gc.alloc.rate:      2227.945 MB/sec
                 gc.alloc.rate.norm: 31391254.389 B/op
                 gc.count:           4.000 counts
                 gc.time:            10.000 ms

Iteration   5: 13.732 ms/op
                 gc.alloc.rate:      2179.904 MB/sec
                 gc.alloc.rate.norm: 31391255.342 B/op
                 gc.count:           4.000 counts
                 gc.time:            8.000 ms


# Run progress: 41.67% complete, ETA 00:02:23
# Fork: 2 of 2
# Warmup Iteration   1: 27.076 ms/op
# Warmup Iteration   2: 13.786 ms/op
# Warmup Iteration   3: 13.523 ms/op
# Warmup Iteration   4: 13.713 ms/op
# Warmup Iteration   5: 13.783 ms/op
Iteration   1: 13.495 ms/op
                 gc.alloc.rate:      2218.132 MB/sec
                 gc.alloc.rate.norm: 31391254.389 B/op
                 gc.count:           3.000 counts
                 gc.time:            8.000 ms

Iteration   2: 13.807 ms/op
                 gc.alloc.rate:      2168.025 MB/sec
                 gc.alloc.rate.norm: 31391255.669 B/op
                 gc.count:           4.000 counts
                 gc.time:            11.000 ms

Iteration   3: 13.859 ms/op
                 gc.alloc.rate:      2159.790 MB/sec
                 gc.alloc.rate.norm: 31391255.669 B/op
                 gc.count:           3.000 counts
                 gc.time:            9.000 ms

Iteration   4: 13.591 ms/op
                 gc.alloc.rate:      2202.462 MB/sec
                 gc.alloc.rate.norm: 31391254.703 B/op
                 gc.count:           4.000 counts
                 gc.time:            10.000 ms

Iteration   5: 13.669 ms/op
                 gc.alloc.rate:      2189.912 MB/sec
                 gc.alloc.rate.norm: 31391255.020 B/op
                 gc.count:           4.000 counts
                 gc.time:            10.000 ms



Result "benchmarks.DeserializationBenchmark.JsoniterMarshaller_parse":
  13.674 ±(99.9%) 0.268 ms/op [Average]
  (min, avg, max) = (13.436, 13.674, 14.002), stdev = 0.178
  CI (99.9%): [13.406, 13.943] (assumes normal distribution)

Secondary result "benchmarks.DeserializationBenchmark.JsoniterMarshaller_parse:gc.alloc.rate":
  2189.356 ±(99.9%) 42.742 MB/sec [Average]
  (min, avg, max) = (2137.835, 2189.356, 2227.945), stdev = 28.271
  CI (99.9%): [2146.614, 2232.098] (assumes normal distribution)

Secondary result "benchmarks.DeserializationBenchmark.JsoniterMarshaller_parse:gc.alloc.rate.norm":
  31391255.124 ±(99.9%) 0.952 B/op [Average]
  (min, avg, max) = (31391254.389, 31391255.124, 31391256.336), stdev = 0.629
  CI (99.9%): [31391254.172, 31391256.076] (assumes normal distribution)

Secondary result "benchmarks.DeserializationBenchmark.JsoniterMarshaller_parse:gc.count":
  36.000 ±(99.9%) 0.001 counts [Sum]
  (min, avg, max) = (3.000, 3.600, 4.000), stdev = 0.516
  CI (99.9%): [36.000, 36.000] (assumes normal distribution)

Secondary result "benchmarks.DeserializationBenchmark.JsoniterMarshaller_parse:gc.time":
  92.000 ±(99.9%) 0.001 ms [Sum]
  (min, avg, max) = (7.000, 9.200, 11.000), stdev = 1.229
  CI (99.9%): [92.000, 92.000] (assumes normal distribution)


# JMH version: 1.37
# VM version: JDK 21.0.12.1, OpenJDK 64-Bit Server VM, 21.0.12.1+1-1-24.04.4-Ubuntu
# VM invoker: /usr/lib/jvm/java-21-openjdk-amd64/bin/java
# VM options: -Xms2g -Xmx2g -XX:+UseG1GC
# Blackhole mode: compiler (auto-detected, use -Djmh.blackhole.autoDetect=false to disable)
# Warmup: 5 iterations, 2 s each
# Measurement: 5 iterations, 2 s each
# Timeout: 10 min per iteration
# Threads: 1 thread, will synchronize iterations
# Benchmark mode: Average time, time/op
# Benchmark: benchmarks.SerializationBenchmark.CirceBoosterMarshaller_toStr

# Run progress: 50.00% complete, ETA 00:02:02
# Fork: 1 of 2
# Warmup Iteration   1: 69.559 ms/op
# Warmup Iteration   2: 34.434 ms/op
# Warmup Iteration   3: 34.078 ms/op
# Warmup Iteration   4: 34.025 ms/op
# Warmup Iteration   5: 33.921 ms/op
Iteration   1: 34.037 ms/op
                 gc.alloc.rate:      3276.719 MB/sec
                 gc.alloc.rate.norm: 116959562.712 B/op
                 gc.count:           6.000 counts
                 gc.time:            9.000 ms

Iteration   2: 34.047 ms/op
                 gc.alloc.rate:      3275.837 MB/sec
                 gc.alloc.rate.norm: 116959555.119 B/op
                 gc.count:           5.000 counts
                 gc.time:            8.000 ms

Iteration   3: 33.954 ms/op
                 gc.alloc.rate:      3284.720 MB/sec
                 gc.alloc.rate.norm: 116959560.678 B/op
                 gc.count:           6.000 counts
                 gc.time:            8.000 ms

Iteration   4: 34.125 ms/op
                 gc.alloc.rate:      3268.260 MB/sec
                 gc.alloc.rate.norm: 116959557.695 B/op
                 gc.count:           5.000 counts
                 gc.time:            6.000 ms

Iteration   5: 33.898 ms/op
                 gc.alloc.rate:      3290.165 MB/sec
                 gc.alloc.rate.norm: 116959556.267 B/op
                 gc.count:           6.000 counts
                 gc.time:            9.000 ms


# Run progress: 58.33% complete, ETA 00:01:42
# Fork: 2 of 2
# Warmup Iteration   1: 69.379 ms/op
# Warmup Iteration   2: 35.278 ms/op
# Warmup Iteration   3: 34.670 ms/op
# Warmup Iteration   4: 33.820 ms/op
# Warmup Iteration   5: 33.990 ms/op
Iteration   1: 33.609 ms/op
                 gc.alloc.rate:      3318.520 MB/sec
                 gc.alloc.rate.norm: 116959560.533 B/op
                 gc.count:           6.000 counts
                 gc.time:            8.000 ms

Iteration   2: 33.864 ms/op
                 gc.alloc.rate:      3293.509 MB/sec
                 gc.alloc.rate.norm: 116959553.067 B/op
                 gc.count:           5.000 counts
                 gc.time:            6.000 ms

Iteration   3: 33.466 ms/op
                 gc.alloc.rate:      3332.717 MB/sec
                 gc.alloc.rate.norm: 116959560.533 B/op
                 gc.count:           6.000 counts
                 gc.time:            10.000 ms

Iteration   4: 33.664 ms/op
                 gc.alloc.rate:      3313.042 MB/sec
                 gc.alloc.rate.norm: 116959553.067 B/op
                 gc.count:           5.000 counts
                 gc.time:            8.000 ms

Iteration   5: 33.636 ms/op
                 gc.alloc.rate:      3315.871 MB/sec
                 gc.alloc.rate.norm: 116959560.533 B/op
                 gc.count:           6.000 counts
                 gc.time:            7.000 ms



Result "benchmarks.SerializationBenchmark.CirceBoosterMarshaller_toStr":
  33.830 ±(99.9%) 0.336 ms/op [Average]
  (min, avg, max) = (33.466, 33.830, 34.125), stdev = 0.222
  CI (99.9%): [33.494, 34.166] (assumes normal distribution)

Secondary result "benchmarks.SerializationBenchmark.CirceBoosterMarshaller_toStr:gc.alloc.rate":
  3296.936 ±(99.9%) 32.843 MB/sec [Average]
  (min, avg, max) = (3268.260, 3296.936, 3332.717), stdev = 21.723
  CI (99.9%): [3264.093, 3329.779] (assumes normal distribution)

Secondary result "benchmarks.SerializationBenchmark.CirceBoosterMarshaller_toStr:gc.alloc.rate.norm":
  116959558.020 ±(99.9%) 5.254 B/op [Average]
  (min, avg, max) = (116959553.067, 116959558.020, 116959562.712), stdev = 3.475
  CI (99.9%): [116959552.766, 116959563.274] (assumes normal distribution)

Secondary result "benchmarks.SerializationBenchmark.CirceBoosterMarshaller_toStr:gc.count":
  56.000 ±(99.9%) 0.001 counts [Sum]
  (min, avg, max) = (5.000, 5.600, 6.000), stdev = 0.516
  CI (99.9%): [56.000, 56.000] (assumes normal distribution)

Secondary result "benchmarks.SerializationBenchmark.CirceBoosterMarshaller_toStr:gc.time":
  79.000 ±(99.9%) 0.001 ms [Sum]
  (min, avg, max) = (6.000, 7.900, 10.000), stdev = 1.287
  CI (99.9%): [79.000, 79.000] (assumes normal distribution)


# JMH version: 1.37
# VM version: JDK 21.0.12.1, OpenJDK 64-Bit Server VM, 21.0.12.1+1-1-24.04.4-Ubuntu
# VM invoker: /usr/lib/jvm/java-21-openjdk-amd64/bin/java
# VM options: -Xms2g -Xmx2g -XX:+UseG1GC
# Blackhole mode: compiler (auto-detected, use -Djmh.blackhole.autoDetect=false to disable)
# Warmup: 5 iterations, 2 s each
# Measurement: 5 iterations, 2 s each
# Timeout: 10 min per iteration
# Threads: 1 thread, will synchronize iterations
# Benchmark mode: Average time, time/op
# Benchmark: benchmarks.SerializationBenchmark.CirceMarshaller_toStr

# Run progress: 66.67% complete, ETA 00:01:21
# Fork: 1 of 2
# Warmup Iteration   1: 84.989 ms/op
# Warmup Iteration   2: 44.711 ms/op
# Warmup Iteration   3: 44.536 ms/op
# Warmup Iteration   4: 45.035 ms/op
# Warmup Iteration   5: 44.931 ms/op
Iteration   1: 44.380 ms/op
                 gc.alloc.rate:      3964.263 MB/sec
                 gc.alloc.rate.norm: 184503307.304 B/op
                 gc.count:           6.000 counts
                 gc.time:            7.000 ms

Iteration   2: 44.963 ms/op
                 gc.alloc.rate:      3913.014 MB/sec
                 gc.alloc.rate.norm: 184503319.289 B/op
                 gc.count:           7.000 counts
                 gc.time:            12.000 ms

Iteration   3: 44.564 ms/op
                 gc.alloc.rate:      3948.011 MB/sec
                 gc.alloc.rate.norm: 184503309.333 B/op
                 gc.count:           6.000 counts
                 gc.time:            6.000 ms

Iteration   4: 44.748 ms/op
                 gc.alloc.rate:      3931.738 MB/sec
                 gc.alloc.rate.norm: 184503319.289 B/op
                 gc.count:           7.000 counts
                 gc.time:            13.000 ms

Iteration   5: 44.657 ms/op
                 gc.alloc.rate:      3939.783 MB/sec
                 gc.alloc.rate.norm: 184503309.333 B/op
                 gc.count:           6.000 counts
                 gc.time:            9.000 ms


# Run progress: 75.00% complete, ETA 00:01:01
# Fork: 2 of 2
# Warmup Iteration   1: 87.502 ms/op
# Warmup Iteration   2: 45.676 ms/op
# Warmup Iteration   3: 44.628 ms/op
# Warmup Iteration   4: 44.957 ms/op
# Warmup Iteration   5: 45.060 ms/op
Iteration   1: 44.688 ms/op
                 gc.alloc.rate:      3936.953 MB/sec
                 gc.alloc.rate.norm: 184503319.289 B/op
                 gc.count:           7.000 counts
                 gc.time:            11.000 ms

Iteration   2: 44.861 ms/op
                 gc.alloc.rate:      3921.791 MB/sec
                 gc.alloc.rate.norm: 184503309.333 B/op
                 gc.count:           6.000 counts
                 gc.time:            9.000 ms

Iteration   3: 44.402 ms/op
                 gc.alloc.rate:      3962.302 MB/sec
                 gc.alloc.rate.norm: 184503314.435 B/op
                 gc.count:           7.000 counts
                 gc.time:            11.000 ms

Iteration   4: 44.976 ms/op
                 gc.alloc.rate:      3911.710 MB/sec
                 gc.alloc.rate.norm: 184503313.600 B/op
                 gc.count:           7.000 counts
                 gc.time:            11.000 ms

Iteration   5: 44.637 ms/op
                 gc.alloc.rate:      3941.575 MB/sec
                 gc.alloc.rate.norm: 184503315.022 B/op
                 gc.count:           6.000 counts
                 gc.time:            9.000 ms



Result "benchmarks.SerializationBenchmark.CirceMarshaller_toStr":
  44.687 ±(99.9%) 0.314 ms/op [Average]
  (min, avg, max) = (44.380, 44.687, 44.976), stdev = 0.208
  CI (99.9%): [44.374, 45.001] (assumes normal distribution)

Secondary result "benchmarks.SerializationBenchmark.CirceMarshaller_toStr:gc.alloc.rate":
  3937.114 ±(99.9%) 27.636 MB/sec [Average]
  (min, avg, max) = (3911.710, 3937.114, 3964.263), stdev = 18.279
  CI (99.9%): [3909.478, 3964.750] (assumes normal distribution)

Secondary result "benchmarks.SerializationBenchmark.CirceMarshaller_toStr:gc.alloc.rate.norm":
  184503313.623 ±(99.9%) 7.020 B/op [Average]
  (min, avg, max) = (184503307.304, 184503313.623, 184503319.289), stdev = 4.643
  CI (99.9%): [184503306.603, 184503320.643] (assumes normal distribution)

Secondary result "benchmarks.SerializationBenchmark.CirceMarshaller_toStr:gc.count":
  65.000 ±(99.9%) 0.001 counts [Sum]
  (min, avg, max) = (6.000, 6.500, 7.000), stdev = 0.527
  CI (99.9%): [65.000, 65.000] (assumes normal distribution)

Secondary result "benchmarks.SerializationBenchmark.CirceMarshaller_toStr:gc.time":
  98.000 ±(99.9%) 0.001 ms [Sum]
  (min, avg, max) = (6.000, 9.800, 13.000), stdev = 2.201
  CI (99.9%): [98.000, 98.000] (assumes normal distribution)


# JMH version: 1.37
# VM version: JDK 21.0.12.1, OpenJDK 64-Bit Server VM, 21.0.12.1+1-1-24.04.4-Ubuntu
# VM invoker: /usr/lib/jvm/java-21-openjdk-amd64/bin/java
# VM options: -Xms2g -Xmx2g -XX:+UseG1GC
# Blackhole mode: compiler (auto-detected, use -Djmh.blackhole.autoDetect=false to disable)
# Warmup: 5 iterations, 2 s each
# Measurement: 5 iterations, 2 s each
# Timeout: 10 min per iteration
# Threads: 1 thread, will synchronize iterations
# Benchmark mode: Average time, time/op
# Benchmark: benchmarks.SerializationBenchmark.JsoniterMarshaller_toStr

# Run progress: 83.33% complete, ETA 00:00:40
# Fork: 1 of 2
# Warmup Iteration   1: 22.383 ms/op
# Warmup Iteration   2: 16.825 ms/op
# Warmup Iteration   3: 14.584 ms/op
# Warmup Iteration   4: 14.539 ms/op
# Warmup Iteration   5: 14.540 ms/op
Iteration   1: 14.524 ms/op
                 gc.alloc.rate:      724.775 MB/sec
                 gc.alloc.rate.norm: 11039339.478 B/op
                 gc.count:           1.000 counts
                 gc.time:            2.000 ms

Iteration   2: 14.388 ms/op
                 gc.alloc.rate:      731.661 MB/sec
                 gc.alloc.rate.norm: 11039338.743 B/op
                 gc.count:           1.000 counts
                 gc.time:            1.000 ms

Iteration   3: 14.411 ms/op
                 gc.alloc.rate:      730.453 MB/sec
                 gc.alloc.rate.norm: 11039339.108 B/op
                 gc.count:           1.000 counts
                 gc.time:            2.000 ms

Iteration   4: 14.479 ms/op
                 gc.alloc.rate:      727.024 MB/sec
                 gc.alloc.rate.norm: 11039339.108 B/op
                 gc.count:           1.000 counts
                 gc.time:            1.000 ms

Iteration   5: 14.522 ms/op
                 gc.alloc.rate:      724.889 MB/sec
                 gc.alloc.rate.norm: 11039340.870 B/op
                 gc.count:           2.000 counts
                 gc.time:            3.000 ms


# Run progress: 91.67% complete, ETA 00:00:20
# Fork: 2 of 2
# Warmup Iteration   1: 22.033 ms/op
# Warmup Iteration   2: 16.171 ms/op
# Warmup Iteration   3: 14.293 ms/op
# Warmup Iteration   4: 14.290 ms/op
# Warmup Iteration   5: 14.524 ms/op
Iteration   1: 14.919 ms/op
                 gc.alloc.rate:      705.608 MB/sec
                 gc.alloc.rate.norm: 11039340.859 B/op
                 gc.count:           1.000 counts
                 gc.time:            1.000 ms

Iteration   2: 15.030 ms/op
                 gc.alloc.rate:      700.396 MB/sec
                 gc.alloc.rate.norm: 11039341.254 B/op
                 gc.count:           1.000 counts
                 gc.time:            2.000 ms

Iteration   3: 15.206 ms/op
                 gc.alloc.rate:      692.297 MB/sec
                 gc.alloc.rate.norm: 11039341.818 B/op
                 gc.count:           1.000 counts
                 gc.time:            1.000 ms

Iteration   4: 15.577 ms/op
                 gc.alloc.rate:      675.782 MB/sec
                 gc.alloc.rate.norm: 11039343.318 B/op
                 gc.count:           1.000 counts
                 gc.time:            1.000 ms

Iteration   5: 16.098 ms/op
                 gc.alloc.rate:      653.899 MB/sec
                 gc.alloc.rate.norm: 11039345.088 B/op
                 gc.count:           1.000 counts
                 gc.time:            1.000 ms



Result "benchmarks.SerializationBenchmark.JsoniterMarshaller_toStr":
  14.915 ±(99.9%) 0.868 ms/op [Average]
  (min, avg, max) = (14.388, 14.915, 16.098), stdev = 0.574
  CI (99.9%): [14.048, 15.783] (assumes normal distribution)

Secondary result "benchmarks.SerializationBenchmark.JsoniterMarshaller_toStr:gc.alloc.rate":
  706.678 ±(99.9%) 39.841 MB/sec [Average]
  (min, avg, max) = (653.899, 706.678, 731.661), stdev = 26.353
  CI (99.9%): [666.837, 746.520] (assumes normal distribution)

Secondary result "benchmarks.SerializationBenchmark.JsoniterMarshaller_toStr:gc.alloc.rate.norm":
  11039340.964 ±(99.9%) 3.082 B/op [Average]
  (min, avg, max) = (11039338.743, 11039340.964, 11039345.088), stdev = 2.039
  CI (99.9%): [11039337.882, 11039344.047] (assumes normal distribution)

Secondary result "benchmarks.SerializationBenchmark.JsoniterMarshaller_toStr:gc.count":
  11.000 ±(99.9%) 0.001 counts [Sum]
  (min, avg, max) = (1.000, 1.100, 2.000), stdev = 0.316
  CI (99.9%): [11.000, 11.000] (assumes normal distribution)

Secondary result "benchmarks.SerializationBenchmark.JsoniterMarshaller_toStr:gc.time":
  15.000 ±(99.9%) 0.001 ms [Sum]
  (min, avg, max) = (1.000, 1.500, 3.000), stdev = 0.707
  CI (99.9%): [15.000, 15.000] (assumes normal distribution)


# Run complete. Total time: 00:04:05

REMEMBER: The numbers below are just data. To gain reusable insights, you need to follow up on
why the numbers are the way they are. Use profilers (see -prof, -lprof), design factorial
experiments, perform baseline and negative tests that provide experimental control, make sure
the benchmarking environment is safe on JVM/OS/HW level, ask for reviews from the domain experts.
Do not assume the numbers tell you what you want them to tell.

NOTE: Current JVM experimentally supports Compiler Blackholes, and they are in use. Please exercise
extra caution when trusting the results, look into the generated code to check the benchmark still
works, and factor in a small probability of new VM bugs. Additionally, while comparisons between
different JVMs are already problematic, the performance difference caused by different Blackhole
modes can be very significant. Please make sure you use the consistent Blackhole mode for comparisons.

Benchmark                                                                 Mode  Cnt          Score         Error   Units
DeserializationBenchmark.CirceBoosterMarshaller_parse                     avgt   10         43.290 ±       0.474   ms/op
DeserializationBenchmark.CirceBoosterMarshaller_parse:gc.alloc.rate       avgt   10       4417.755 ±      87.822  MB/sec
DeserializationBenchmark.CirceBoosterMarshaller_parse:gc.alloc.rate.norm  avgt   10  200555771.977 ± 4260366.821    B/op
DeserializationBenchmark.CirceBoosterMarshaller_parse:gc.count            avgt   10         74.000                counts
DeserializationBenchmark.CirceBoosterMarshaller_parse:gc.time             avgt   10        244.000                    ms
DeserializationBenchmark.CirceMarshaller_parse                            avgt   10         67.554 ±       0.877   ms/op
DeserializationBenchmark.CirceMarshaller_parse:gc.alloc.rate              avgt   10       3413.366 ±      43.813  MB/sec
DeserializationBenchmark.CirceMarshaller_parse:gc.alloc.rate.norm         avgt   10  241798871.301 ±       3.776    B/op
DeserializationBenchmark.CirceMarshaller_parse:gc.count                   avgt   10         58.000                counts
DeserializationBenchmark.CirceMarshaller_parse:gc.time                    avgt   10        192.000                    ms
DeserializationBenchmark.JsoniterMarshaller_parse                         avgt   10         13.674 ±       0.268   ms/op
DeserializationBenchmark.JsoniterMarshaller_parse:gc.alloc.rate           avgt   10       2189.356 ±      42.742  MB/sec
DeserializationBenchmark.JsoniterMarshaller_parse:gc.alloc.rate.norm      avgt   10   31391255.124 ±       0.952    B/op
DeserializationBenchmark.JsoniterMarshaller_parse:gc.count                avgt   10         36.000                counts
DeserializationBenchmark.JsoniterMarshaller_parse:gc.time                 avgt   10         92.000                    ms
SerializationBenchmark.CirceBoosterMarshaller_toStr                       avgt   10         33.830 ±       0.336   ms/op
SerializationBenchmark.CirceBoosterMarshaller_toStr:gc.alloc.rate         avgt   10       3296.936 ±      32.843  MB/sec
SerializationBenchmark.CirceBoosterMarshaller_toStr:gc.alloc.rate.norm    avgt   10  116959558.020 ±       5.254    B/op
SerializationBenchmark.CirceBoosterMarshaller_toStr:gc.count              avgt   10         56.000                counts
SerializationBenchmark.CirceBoosterMarshaller_toStr:gc.time               avgt   10         79.000                    ms
SerializationBenchmark.CirceMarshaller_toStr                              avgt   10         44.687 ±       0.314   ms/op
SerializationBenchmark.CirceMarshaller_toStr:gc.alloc.rate                avgt   10       3937.114 ±      27.636  MB/sec
SerializationBenchmark.CirceMarshaller_toStr:gc.alloc.rate.norm           avgt   10  184503313.623 ±       7.020    B/op
SerializationBenchmark.CirceMarshaller_toStr:gc.count                     avgt   10         65.000                counts
SerializationBenchmark.CirceMarshaller_toStr:gc.time                      avgt   10         98.000                    ms
SerializationBenchmark.JsoniterMarshaller_toStr                           avgt   10         14.915 ±       0.868   ms/op
SerializationBenchmark.JsoniterMarshaller_toStr:gc.alloc.rate             avgt   10        706.678 ±      39.841  MB/sec
SerializationBenchmark.JsoniterMarshaller_toStr:gc.alloc.rate.norm        avgt   10   11039340.964 ±       3.082    B/op
SerializationBenchmark.JsoniterMarshaller_toStr:gc.count                  avgt   10         11.000                counts
SerializationBenchmark.JsoniterMarshaller_toStr:gc.time                   avgt   10         15.000                    ms

Benchmark result is saved to results/booster-comparison/jmh.json
[success] elapsed time: 246 s (0:04:06.0), cache 89%, 34 disk cache hits, 4 onsite tasks
